---
source: zellij-server/src/panes/./unit/grid_tests.rs
expression: "format!(\"{:?}\", grid)"

---
00 (C): Welcome to fish, the friendly interactive shell                                                         
01 (C): ⋊> ~/c/zellij on main ⨯ bash                                                                    15:50:11
02 (C): [aram@green zellij]$ ＨＨＨＨＨＨＨＨＨＨＨＨＨＨＨＨＨＨＨＨＨＨＨＨＨＨＨＨＨＨＨＨＨＨＨＨＨＨＨＨＨ 
03 (W): ＨＨＨＨＨ

